---
source: hydroflow_plus_test/src/local/graph_reachability.rs
expression: "reachability.meta_graph().unwrap().to_dot(& Default :: default())"
---
digraph {
    node [fontname="Monaco,Menlo,Consolas,&quot;Droid Sans Mono&quot;,Inconsolata,&quot;Courier New&quot;,monospace", style=filled];
    edge [fontname="Monaco,Menlo,Consolas,&quot;Droid Sans Mono&quot;,Inconsolata,&quot;Courier New&quot;,monospace"];
    n1v1 [label="(n1v1) source_stream(roots)", shape=invhouse, fillcolor="#88aaff"]
    n2v1 [label="(n2v1) union()", shape=invhouse, fillcolor="#88aaff"]
    n3v1 [label="(n3v1) tee()", shape=house, fillcolor="#ffff88"]
    n4v1 [label="(n4v1) map({\l    use crate::__staged::local::graph_reachability::*;\l    |r| (r, ())\l})\l", shape=house, fillcolor="#ffff88"]
    n5v1 [label="(n5v1) source_stream(edges)", shape=invhouse, fillcolor="#88aaff"]
    n6v1 [label="(n6v1) join::<'tick, 'tick>()", shape=invhouse, fillcolor="#88aaff"]
    n7v1 [label="(n7v1) map({\l    use crate::__staged::local::graph_reachability::*;\l    |(_from, (_, to))| to\l})\l", shape=invhouse, fillcolor="#88aaff"]
    n8v1 [label="(n8v1) unique::<'tick>()", shape=house, fillcolor="#ffff88"]
    n9v1 [label="(n9v1) for_each({\l    use crate::__staged::local::graph_reachability::*;\l    let reached_out = reached_out;\l    |v| {\l        reached_out.send(v).unwrap();\l    }\l})\l", shape=house, fillcolor="#ffff88"]
    n10v1 [label="(n10v1) handoff", shape=parallelogram, fillcolor="#ddddff"]
    n1v1 -> n2v1 [label="0"]
    n7v1 -> n2v1 [label="1"]
    n2v1 -> n3v1
    n3v1 -> n4v1
    n4v1 -> n10v1
    n5v1 -> n6v1 [label="1"]
    n6v1 -> n7v1
    n3v1 -> n8v1
    n8v1 -> n9v1
    n10v1 -> n6v1 [label="0"]
    subgraph "cluster n1v1" {
        fillcolor="#dddddd"
        style=filled
        label = "sg_1v1\nstratum 0"
        n10v1
        n1v1
        n5v1
        n6v1
        n7v1
        n2v1
        n3v1
        n4v1
        n8v1
        n9v1
        subgraph "cluster_sg_1v1_var_stream_0" {
            label="var stream_0"
            n1v1
        }
        subgraph "cluster_sg_1v1_var_stream_1" {
            label="var stream_1"
            n2v1
        }
        subgraph "cluster_sg_1v1_var_stream_2" {
            label="var stream_2"
            n3v1
        }
        subgraph "cluster_sg_1v1_var_stream_3" {
            label="var stream_3"
            n4v1
        }
        subgraph "cluster_sg_1v1_var_stream_4" {
            label="var stream_4"
            n5v1
        }
        subgraph "cluster_sg_1v1_var_stream_5" {
            label="var stream_5"
            n6v1
        }
        subgraph "cluster_sg_1v1_var_stream_6" {
            label="var stream_6"
            n7v1
        }
        subgraph "cluster_sg_1v1_var_stream_7" {
            label="var stream_7"
            n8v1
        }
    }
}

