---
source: hydroflow_plus/src/persist_pullup.rs
expression: optimized.ir()
---
[
    ForEach {
        f: { use crate :: __staged :: persist_pullup :: tests :: * ; | n | println ! ("{}" , n) },
        input: Map {
            f: { use crate :: __staged :: persist_pullup :: tests :: * ; | v | v + 1 },
            input: Source {
                source: Iter(
                    { use crate :: __staged :: persist_pullup :: tests :: * ; 0 .. 10 },
                ),
                location_kind: Process(
                    0,
                ),
            },
        },
    },
]
