---
source: hydroflow_plus/src/profiler.rs
expression: "&pushed_down.ir"
---
[
    ForEach {
        f: { use crate :: __staged :: profiler :: tests :: * ; | n | println ! ("{}" , n) },
        input: Map {
            f: { use crate :: __staged :: profiler :: * ; let counter_queue = Fake ; let my_id_copy1 = 0u32 ; let counters_copy1 = Fake ; let my_id_copy2 = 0u32 ; let counters_copy2 = Fake ; let my_id_copy3 = 0u32 ; let context = & context ; let my_id_copy4 = 0u32 ; let counters = Fake ; let my_id = 0u32 ; { counter_queue . borrow () . unbounded_send ((my_id_copy1 as usize , counters_copy1 . borrow () [my_id_copy2 as usize])) . unwrap () ; counters_copy2 . borrow_mut () [my_id_copy3 as usize] = 0 ; move | v | { hydroflow_plus :: profiler :: increment_counter (context . current_tick () , my_id_copy4 , & mut counters . borrow_mut () [my_id as usize] ,) ; v } } },
            input: Map {
                f: { use crate :: __staged :: profiler :: tests :: * ; | v | v + 1 },
                input: Map {
                    f: { use crate :: __staged :: profiler :: * ; let counter_queue = Fake ; let my_id_copy1 = 1u32 ; let counters_copy1 = Fake ; let my_id_copy2 = 1u32 ; let counters_copy2 = Fake ; let my_id_copy3 = 1u32 ; let context = & context ; let my_id_copy4 = 1u32 ; let counters = Fake ; let my_id = 1u32 ; { counter_queue . borrow () . unbounded_send ((my_id_copy1 as usize , counters_copy1 . borrow () [my_id_copy2 as usize])) . unwrap () ; counters_copy2 . borrow_mut () [my_id_copy3 as usize] = 0 ; move | v | { hydroflow_plus :: profiler :: increment_counter (context . current_tick () , my_id_copy4 , & mut counters . borrow_mut () [my_id as usize] ,) ; v } } },
                    input: Persist(
                        Map {
                            f: { use crate :: __staged :: profiler :: * ; let counter_queue = Fake ; let my_id_copy1 = 2u32 ; let counters_copy1 = Fake ; let my_id_copy2 = 2u32 ; let counters_copy2 = Fake ; let my_id_copy3 = 2u32 ; let context = & context ; let my_id_copy4 = 2u32 ; let counters = Fake ; let my_id = 2u32 ; { counter_queue . borrow () . unbounded_send ((my_id_copy1 as usize , counters_copy1 . borrow () [my_id_copy2 as usize])) . unwrap () ; counters_copy2 . borrow_mut () [my_id_copy3 as usize] = 0 ; move | v | { hydroflow_plus :: profiler :: increment_counter (context . current_tick () , my_id_copy4 , & mut counters . borrow_mut () [my_id as usize] ,) ; v } } },
                            input: Source {
                                source: Iter(
                                    { use crate :: __staged :: profiler :: tests :: * ; 0 .. 10 },
                                ),
                                location_id: 0,
                            },
                        },
                    ),
                },
            },
        },
    },
]
