---
source: hydroflow_plus_test/src/cluster.rs
expression: builder.ir()
---
[
    ForEach {
        f: { use crate :: __staged :: cluster :: * ; | n | println ! ("cluster received: {:?}" , n) },
        input: Network {
            to_location: 0,
            serialize_pipeline: Some(
                Operator(
                    Operator {
                        path: "map",
                        args: [
                            "| (id , data) | { (id , hydroflow_plus :: runtime_support :: bincode :: serialize :: < i32 > (& data) . unwrap () . into ()) }",
                        ],
                    },
                ),
            ),
            sink_expr: null,
            source_expr: null,
            deserialize_pipeline: Some(
                Operator(
                    Operator {
                        path: "map",
                        args: [
                            "| res | { let (id , b) = res . unwrap () ; (id , hydroflow_plus :: runtime_support :: bincode :: deserialize :: < i32 > (& b) . unwrap ()) }",
                        ],
                    },
                ),
            ),
            input: CrossProduct(
                Persist(
                    PipelineOp {
                        kind: "cloned",
                        gen_pipeline: <function>,
                        input: Source {
                            source: Iter(
                                { use hydroflow_plus_cli_integration :: __staged :: deploy :: * ; panic ! () },
                            ),
                            produces_delta: false,
                            location_id: 0,
                        },
                    },
                ),
                Source {
                    source: Iter(
                        { use crate :: __staged :: cluster :: * ; 0 .. 2 },
                    ),
                    produces_delta: false,
                    location_id: 0,
                },
            ),
        },
    },
]
