---
source: hydroflow_plus_test/src/cluster/many_to_many.rs
expression: built.ir()
---
[
    ForEach {
        f: stageleft :: runtime_support :: fn1_type_hint :: < (u32 , i32) , () > ({ use crate :: __staged :: cluster :: many_to_many :: * ; | n | println ! ("cluster received: {:?}" , n) }),
        input: Network {
            from_location: Cluster(
                0,
            ),
            to_location: Cluster(
                0,
            ),
            serialize_pipeline: Some(
                Operator(
                    Operator {
                        path: "map",
                        args: [
                            "| (id , data) | { (id , hydroflow_plus :: runtime_support :: bincode :: serialize :: < i32 > (& data) . unwrap () . into ()) }",
                        ],
                    },
                ),
            ),
            instantiate_fn: <network instantiate>,
            deserialize_pipeline: Some(
                Operator(
                    Operator {
                        path: "map",
                        args: [
                            "| res | { let (id , b) = res . unwrap () ; (id , hydroflow_plus :: runtime_support :: bincode :: deserialize :: < i32 > (& b) . unwrap ()) }",
                        ],
                    },
                ),
            ),
            input: FlatMap {
                f: stageleft :: runtime_support :: fn1_type_hint :: < i32 , std :: iter :: Map < std :: slice :: Iter < u32 > , _ > > ({ use hydroflow_plus :: __staged :: stream :: * ; let ids = __hydroflow_plus_cluster_ids_0 ; | b | ids . iter () . map (move | id | (:: std :: clone :: Clone :: clone (id) , :: std :: clone :: Clone :: clone (& b))) }),
                input: Source {
                    source: Iter(
                        { use crate :: __staged :: cluster :: many_to_many :: * ; 0 .. 2 },
                    ),
                    location_kind: Cluster(
                        0,
                    ),
                },
            },
        },
    },
]
