---
source: hydroflow_datalog_core/src/lib.rs
expression: flat_graph_ref.surface_syntax_string()
---
2v1 = unique :: < 'tick > ();
5v1 = unique :: < 'tick > ();
7v1 = merge ();
8v1 = unique :: < 'tick > ();
10v1 = source_stream (in1);
11v1 = source_stream (in2);
12v1 = for_each (| v | out . send (v) . unwrap ());
13v1 = map (| row : (_ , _ ,) | (row . 0 , row . 1 ,));
14v1 = map (| row : (_ , _ ,) | (row . 1 , row . 0 ,));

10v1 -> 2v1;
11v1 -> 5v1;
7v1 -> 8v1;
8v1 -> 12v1;
13v1 -> 7v1;
2v1 -> 13v1;
14v1 -> 7v1;
5v1 -> 14v1;

