---
source: hydroflow_datalog_core/src/lib.rs
expression: flat_graph_ref.surface_syntax_string()
---
2v1 = unique :: < 'tick > ();
5v1 = unique :: < 'tick > ();
7v1 = source_stream (strings);
8v1 = for_each (| v | result . send (v) . unwrap ());
9v1 = map (| row : (_ ,) | ((row . 0 . clone () , row . 0 ,) , ()));
10v1 = map (| (g , a) : ((_ , _ ,) , _) | (g . 0 , g . 1 ,));

7v1 -> 2v1;
10v1 -> 5v1;
5v1 -> 8v1;
9v1 -> 10v1;
2v1 -> 9v1;

