---
source: hydroflow_datalog_core/src/lib.rs
assertion_line: 458
expression: graph.surface_syntax_string()
---
1v1 = merge ();
2v1 = unique :: < 'tick > ();
3v1 = tee ();
4v1 = merge ();
5v1 = unique :: < 'tick > ();
6v1 = tee ();
7v1 = merge ();
8v1 = unique :: < 'tick > ();
9v1 = tee ();
10v1 = source_stream (in1);
11v1 = source_stream (in2);
12v1 = for_each (| v | out . send (v) . unwrap ());
13v1 = map (| row : (_ , _ ,) | (row . 0 , row . 1 ,));
14v1 = map (| row : (_ , _ ,) | (row . 1 , row . 0 ,));

1v1 -> 2v1;
3v1 -> 4v1;
5v1 -> 6v1;
7v1 -> 1v1;
8v1 -> 3v1;
6v1 -> 9v1;
10v1 -> 5v1;
2v1 -> 10v1;
11v1 -> 5v1;
4v1 -> 11v1;

