---
source: hydroflow_datalog_core/src/lib.rs
expression: flat_graph_ref.surface_syntax_string()
---
2v1 = unique :: < 'tick > ();
3v1 = tee ();
5v1 = unique :: < 'tick > ();
6v1 = tee ();
8v1 = unique :: < 'tick > ();
11v1 = unique :: < 'tick > ();
14v1 = unique :: < 'tick > ();
16v1 = source_stream (ints1);
17v1 = source_stream (ints2);
18v1 = source_stream (ints3);
19v1 = for_each (| v | result . send (v) . unwrap ());
20v1 = for_each (| v | result2 . send (v) . unwrap ());
21v1 = join :: < 'static , 'static , hydroflow :: compiled :: pull :: HalfMultisetJoinState > ();
22v1 = map (| kv : (() , ((_ ,) , (_ ,))) | (kv . 1 . 0 . 0 , kv . 1 . 1 . 0 ,));
23v1 = map (| _v : (_ ,) | (() , (_v . 0 ,)));
24v1 = map (| _v : (_ ,) | (() , (_v . 0 ,)));
25v1 = join :: < 'static , 'tick , hydroflow :: compiled :: pull :: HalfMultisetJoinState > ();
26v1 = map (| kv : (() , ((_ , _ ,) , (_ ,))) | (kv . 1 . 0 . 0 , kv . 1 . 0 . 1 , kv . 1 . 1 . 0 ,));
27v1 = map (| _v : (_ , _ ,) | (() , (_v . 0 , _v . 1 ,)));
28v1 = map (| _v : (_ ,) | (() , (_v . 0 ,)));
29v1 = map (| row : (_ , _ , _ ,) | (row . 0 , row . 1 , row . 2 ,));
30v1 = anti_join ();
31v1 = map (| kv : ((_ ,) , ()) | (kv . 0 . 0 ,));
32v1 = persist ();
33v1 = unique :: < 'tick > ();
34v1 = map (| _v : (_ ,) | ((_v . 0 ,) , ()));
35v1 = persist ();
36v1 = unique :: < 'tick > ();
37v1 = map (| _v : (_ ,) | (_v . 0 ,));
38v1 = map (| row : (_ ,) | (row . 0 ,));

16v1 -> 2v1;
2v1 -> 3v1;
17v1 -> 5v1;
5v1 -> 6v1;
18v1 -> 8v1;
29v1 -> 11v1;
38v1 -> 14v1;
11v1 -> 19v1;
14v1 -> 20v1;
21v1 -> 22v1;
23v1 -> 21v1;
3v1 -> 23v1;
24v1 -> 21v1;
6v1 -> 24v1;
25v1 -> 26v1;
27v1 -> 25v1;
22v1 -> 27v1;
28v1 -> 25v1;
8v1 -> 28v1;
26v1 -> 29v1;
30v1 -> 31v1;
34v1 -> 30v1;
33v1 -> 34v1;
32v1 -> 33v1;
3v1 -> 32v1;
37v1 -> 30v1;
36v1 -> 37v1;
35v1 -> 36v1;
6v1 -> 35v1;
31v1 -> 38v1;

