---
source: hydroflow_datalog_core/src/lib.rs
assertion_line: 486
expression: graph.surface_syntax_string()
---
1v1 = merge ();
2v1 = unique :: < 'tick > ();
3v1 = tee ();
4v1 = merge ();
5v1 = unique :: < 'tick > ();
6v1 = tee ();
7v1 = merge ();
8v1 = unique :: < 'tick > ();
9v1 = tee ();
10v1 = source_stream (in1);
11v1 = source_stream (in2);
12v1 = for_each (| v | out . send (v) . unwrap ());
13v1 = join :: < 'tick > ();
14v1 = map (| kv : ((_ ,) , ((_ ,) , (_ ,))) | (kv . 1 . 0 . 0 ,));
15v1 = map (| v : (_ ,) | ((v . 0 ,) , v));
16v1 = map (| v : (_ ,) | ((v . 0 ,) , v));
17v1 = map (| row : (_ ,) | (row . 0 ,));

1v1 -> 2v1;
3v1 -> 4v1;
5v1 -> 6v1;
7v1 -> 1v1;
8v1 -> 3v1;
6v1 -> 9v1;
10v1 -> 11v1;
12v1 -> 10v1;
2v1 -> 12v1;
13v1 -> 10v1;
4v1 -> 13v1;
14v1 -> 5v1;
11v1 -> 14v1;

