---
source: hydroflow_datalog_core/src/lib.rs
expression: graph.surface_syntax_string()
---
1v1 = merge ();
2v1 = tee ();
3v1 = merge ();
4v1 = tee ();
5v1 = merge ();
6v1 = tee ();
7v1 = merge ();
8v1 = tee ();
9v1 = source_stream (in1);
10v1 = source_stream (in2);
11v1 = source_stream (in3);
12v1 = for_each (| v | out . send (v) . unwrap ());
13v1 = join :: < 'tick > ();
14v1 = map (| kv : ((_ ,) , ((_ , _ ,) , (_ , _ ,))) | (kv . 1 . 0 . 0 , kv . 1 . 0 . 1 , kv . 1 . 1 . 1 ,));
15v1 = map (| v : (_ , _ ,) | ((v . 1 ,) , v));
16v1 = map (| v : (_ , _ ,) | ((v . 0 ,) , v));
17v1 = join :: < 'tick > ();
18v1 = map (| kv : ((_ ,) , ((_ , _ , _ ,) , (_ , _ ,))) | (kv . 1 . 0 . 0 , kv . 1 . 0 . 1 , kv . 1 . 0 . 2 , kv . 1 . 1 . 1 ,));
19v1 = map (| v : (_ , _ , _ ,) | ((v . 2 ,) , v));
20v1 = map (| v : (_ , _ ,) | ((v . 0 ,) , v));
21v1 = map (| row : (_ , _ , _ , _ ,) | (row . 3 , row . 2 , row . 1 , row . 0 ,));

(1v1-->2v1);
(3v1-->4v1);
(5v1-->6v1);
(7v1-->8v1);
(9v1-->1v1);
(10v1-->3v1);
(11v1-->5v1);
(8v1-->12v1);
(13v1-->14v1);
(15v1-->13v1);
(2v1-->15v1);
(16v1-->13v1);
(4v1-->16v1);
(17v1-->18v1);
(19v1-->17v1);
(14v1-->19v1);
(20v1-->17v1);
(6v1-->20v1);
(21v1-->7v1);
(18v1-->21v1);

