---
source: hydroflow_datalog_core/src/lib.rs
expression: flat_graph_ref.surface_syntax_string()
---
1v1 = merge ();
2v1 = unique :: < 'tick > ();
3v1 = tee ();
4v1 = merge ();
5v1 = unique :: < 'tick > ();
6v1 = tee ();
7v1 = merge ();
8v1 = unique :: < 'tick > ();
9v1 = tee ();
10v1 = source_stream (edges);
11v1 = source_stream (seed_reachable);
12v1 = for_each (| v | reachable . send (v) . unwrap ());
13v1 = map (| row : (_ ,) | (row . 0 ,));
14v1 = join :: < 'tick , 'tick > ();
15v1 = map (| kv : ((_ ,) , (() , (_ ,))) | (kv . 0 . 0 , kv . 1 . 1 . 0 ,));
16v1 = map (| _v : (_ ,) | ((_v . 0 ,) , ()));
17v1 = map (| _v : (_ , _ ,) | ((_v . 0 ,) , (_v . 1 ,)));
18v1 = map (| row : (_ , _ ,) | (row . 1 ,));

2v1 -> 3v1;
1v1 -> 2v1;
5v1 -> 6v1;
4v1 -> 5v1;
8v1 -> 9v1;
7v1 -> 8v1;
10v1 -> 1v1;
11v1 -> 4v1;
9v1 -> 12v1;
13v1 -> 7v1;
6v1 -> 13v1;
14v1 -> 15v1;
16v1 -> 14v1;
9v1 -> 16v1;
17v1 -> 14v1;
3v1 -> 17v1;
18v1 -> 7v1;
15v1 -> 18v1;

