---
source: hydro_test/src/cluster/simple_cluster.rs
expression: built.ir()
---
[
    ForEach {
        f: stageleft :: runtime_support :: fn1_type_hint :: < (hydro_lang :: location :: cluster :: cluster_id :: ClusterId < () > , (hydro_lang :: location :: cluster :: cluster_id :: ClusterId < () > , i32)) , () > ({ use crate :: __staged :: cluster :: simple_cluster :: * ; | (id , d) | println ! ("node received: ({}, {:?})" , id , d) }),
        input: Network {
            from_location: Cluster(
                1,
            ),
            from_key: None,
            to_location: Process(
                0,
            ),
            to_key: None,
            serialize_fn: Some(
                | data | { hydro_lang :: runtime_support :: bincode :: serialize :: < (hydro_lang :: location :: cluster :: cluster_id :: ClusterId < () > , i32) > (& data) . unwrap () . into () },
            ),
            instantiate_fn: <network instantiate>,
            deserialize_fn: Some(
                | res | { let (id , b) = res . unwrap () ; (hydro_lang :: ClusterId :: < () > :: from_raw (id) , hydro_lang :: runtime_support :: bincode :: deserialize :: < (hydro_lang :: location :: cluster :: cluster_id :: ClusterId < () > , i32) > (& b) . unwrap ()) },
            ),
            input: Inspect {
                f: stageleft :: runtime_support :: fn1_borrow_type_hint :: < (hydro_lang :: location :: cluster :: cluster_id :: ClusterId < () > , i32) , () > ({ use crate :: __staged :: cluster :: simple_cluster :: * ; let CLUSTER_SELF_ID__free = hydro_lang :: ClusterId :: < () > :: from_raw (__hydro_lang_cluster_self_id_1) ; move | n | println ! ("cluster received: {:?} (self cluster id: {})" , n , CLUSTER_SELF_ID__free) }),
                input: Network {
                    from_location: Process(
                        0,
                    ),
                    from_key: None,
                    to_location: Cluster(
                        1,
                    ),
                    to_key: None,
                    serialize_fn: Some(
                        | (id , data) : (hydro_lang :: ClusterId < _ > , (hydro_lang :: location :: cluster :: cluster_id :: ClusterId < () > , i32)) | { (id . raw_id , hydro_lang :: runtime_support :: bincode :: serialize :: < (hydro_lang :: location :: cluster :: cluster_id :: ClusterId < () > , i32) > (& data) . unwrap () . into ()) },
                    ),
                    instantiate_fn: <network instantiate>,
                    deserialize_fn: Some(
                        | res | { hydro_lang :: runtime_support :: bincode :: deserialize :: < (hydro_lang :: location :: cluster :: cluster_id :: ClusterId < () > , i32) > (& res . unwrap ()) . unwrap () },
                    ),
                    input: Map {
                        f: stageleft :: runtime_support :: fn1_type_hint :: < (hydro_lang :: location :: cluster :: cluster_id :: ClusterId < () > , i32) , (hydro_lang :: location :: cluster :: cluster_id :: ClusterId < () > , (hydro_lang :: location :: cluster :: cluster_id :: ClusterId < () > , i32)) > ({ use crate :: __staged :: cluster :: simple_cluster :: * ; | (id , n) | (id , (id , n)) }),
                        input: Delta(
                            CrossProduct(
                                Persist(
                                    Map {
                                        f: stageleft :: runtime_support :: fn1_type_hint :: < & hydro_lang :: location :: cluster :: cluster_id :: ClusterId < () > , hydro_lang :: location :: cluster :: cluster_id :: ClusterId < () > > ({ use crate :: __staged :: cluster :: simple_cluster :: * ; | & id | id }),
                                        input: Source {
                                            source: Iter(
                                                unsafe { :: std :: mem :: transmute :: < _ , & :: std :: vec :: Vec < hydro_lang :: ClusterId < () > > > (__hydro_lang_cluster_ids_1) },
                                            ),
                                            location_kind: Process(
                                                0,
                                            ),
                                        },
                                    },
                                ),
                                Persist(
                                    Source {
                                        source: Iter(
                                            { use crate :: __staged :: cluster :: simple_cluster :: * ; 0 .. 5 },
                                        ),
                                        location_kind: Process(
                                            0,
                                        ),
                                    },
                                ),
                            ),
                        ),
                    },
                },
            },
        },
    },
]
