---
source: hydroflow/tests/surface_flow_props.rs
expression: hf.meta_graph().unwrap().to_dot()
---
digraph {
    subgraph "cluster n1v1" {
        fillcolor="#dddddd"
        style=filled
        label = "sg_1v1\nstratum 0"
        n1v1 [label="(n1v1) source_iter_delta((0..10).map(SetUnionSingletonSet::new_from))", fontname=Monaco, shape=invhouse, style = filled, color = "#0022ff", fontcolor = "#ffffff"]
        n2v1 [label="(n2v1) map(|SetUnion(SingletonSet(x))| SetUnion(SingletonSet(x + 5)))", fontname=Monaco, shape=invhouse, style = filled, color = "#0022ff", fontcolor = "#ffffff"]
        n3v1 [label="(n3v1) for_each(|s| println!(\"{:?}\", s))", fontname=Monaco, shape=house, style = filled, color = "#ffff00"]
        n1v1 -> n2v1
        n2v1 -> n3v1
    }
}

