---
source: hydroflow/tests/surface_stratum.rs
expression: df.serde_graph().unwrap().to_mermaid()
---
%%{init:{'theme':'base','themeVariables':{'clusterBkg':'#ddd','clusterBorder':'#888'}}}%%
flowchart TD
classDef pullClass fill:#02f,color:#fff,stroke:#000
classDef pushClass fill:#ff0,stroke:#000
linkStyle default stroke:#aaa,stroke-width:4px,color:red,font-size:1.5em;
subgraph sg_1v1 ["sg_1v1 stratum 0"]
    4v1[\"(4v1) <tt>next_tick()</tt>"/]:::pullClass
end
subgraph sg_2v1 ["sg_2v1 stratum 1"]
    1v1[\"(1v1) <tt>difference()</tt>"/]:::pullClass
    3v1[/"(3v1) <tt>tee()</tt>"\]:::pushClass
    5v1[/"(5v1) <tt>for_each(| x | output_inner.borrow_mut().push(x))</tt>"\]:::pushClass
    1v1--->3v1
    3v1--1--->5v1
    subgraph sg_2v1_var_a ["var <tt>a</tt>"]
        1v1
    end
    subgraph sg_2v1_var_b ["var <tt>b</tt>"]
        3v1
    end
end
subgraph sg_3v1 ["sg_3v1 stratum 0"]
    2v1[\"(2v1) <tt>source_stream(inp_recv)</tt>"/]:::pullClass
end
2v1--->8v1
3v1--0--->7v1
4v1--->6v1
6v1["(6v1) <tt>handoff</tt>"]:::otherClass
6v1==neg===o1v1
7v1["(7v1) <tt>handoff</tt>"]:::otherClass
7v1--->4v1
8v1["(8v1) <tt>handoff</tt>"]:::otherClass
8v1--pos--->1v1

