---
source: hydroflow/tests/surface_join.rs
expression: df.meta_graph().unwrap().to_mermaid()
---
%%{init:{'theme':'base','themeVariables':{'clusterBkg':'#ddd','clusterBorder':'#888'}}}%%
flowchart TD
classDef pullClass fill:#8af,stroke:#000,text-align:left,white-space:pre
classDef pushClass fill:#ff8,stroke:#000,text-align:left,white-space:pre
linkStyle default stroke:#aaa,stroke-width:4px,color:red,font-size:1.5em;
subgraph sg_1v1 ["sg_1v1 stratum 0"]
    3v1[\"(3v1) <code>source_iter([(7, 1)])</code>"/]:::pullClass
end
subgraph sg_2v1 ["sg_2v1 stratum 0"]
    5v1[\"(5v1) <code>source_iter([(7, 2)])</code>"/]:::pullClass
end
subgraph sg_3v1 ["sg_3v1 stratum 0"]
    6v1[\"(6v1) <code>defer_tick()</code>"/]:::pullClass
end
subgraph sg_4v1 ["sg_4v1 stratum 0"]
    1v1[\"(1v1) <code>source_iter([(7, 1), (7, 2)])</code>"/]:::pullClass
    2v1[\"(2v1) <code>source_iter([(7, 0)])</code>"/]:::pullClass
    4v1[\"(4v1) <code>defer_tick()</code>"/]:::pullClass
    7v1[\"(7v1) <code>defer_tick()</code>"/]:::pullClass
    8v1[\"(8v1) <code>union()</code>"/]:::pullClass
    9v1[\"(9v1) <code>join::&lt;'static, 'static&gt;()</code>"/]:::pullClass
    10v1[/"<div style=text-align:center>(10v1)</div> <code>for_each(|x| {<br>    results_inner.borrow_mut().entry(context.current_tick()).or_default().push(x)<br>})</code>"\]:::pushClass
    1v1--0--->9v1
    2v1--->8v1
    4v1--->8v1
    7v1--->8v1
    8v1--1--->9v1
    9v1--->10v1
    subgraph sg_4v1_var_my_join ["var <tt>my_join</tt>"]
        9v1
        10v1
    end
    subgraph sg_4v1_var_unioner ["var <tt>unioner</tt>"]
        8v1
    end
end
subgraph sg_5v1 ["sg_5v1 stratum 1"]
    14v1[\"(14v1) <code>identity()</code>"/]:::pullClass
end
subgraph sg_6v1 ["sg_6v1 stratum 1"]
    16v1[\"(16v1) <code>identity()</code>"/]:::pullClass
end
subgraph sg_7v1 ["sg_7v1 stratum 1"]
    18v1[\"(18v1) <code>identity()</code>"/]:::pullClass
end
3v1--->11v1
5v1--->13v1
6v1--->12v1
11v1["(11v1) <code>handoff</code>"]:::otherClass
11v1--->14v1
12v1["(12v1) <code>handoff</code>"]:::otherClass
12v1--->16v1
13v1["(13v1) <code>handoff</code>"]:::otherClass
13v1--->18v1
14v1--->15v1
15v1["(15v1) <code>handoff</code>"]:::otherClass
15v1--->4v1
16v1--->17v1
17v1["(17v1) <code>handoff</code>"]:::otherClass
17v1--->7v1
18v1--->19v1
19v1["(19v1) <code>handoff</code>"]:::otherClass
19v1--->6v1

