---
source: hydroflow/tests/surface_fold.rs
expression: df.meta_graph().unwrap().to_dot()
---
digraph {
    subgraph "cluster n1v1" {
        fillcolor="#dddddd"
        style=filled
        label = "sg_1v1\nstratum 0"
        n1v1 [label="(n1v1) source_stream(items_recv)", fontname=Monaco, shape=invhouse, style = filled, color = "#0022ff", fontcolor = "#ffffff"]
    }
    subgraph "cluster n2v1" {
        fillcolor="#dddddd"
        style=filled
        label = "sg_2v1\nstratum 1"
        n2v1 [label="(n2v1) fold::<\l    'tick,\l>(\l    Vec::new(),\l    |mut v, x| {\l        v.push(x);\l        v\l    },\l)\l", fontname=Monaco, shape=invhouse, style = filled, color = "#0022ff", fontcolor = "#ffffff"]
        n3v1 [label="(n3v1) flat_map(|mut vec| {\l    vec.sort();\l    vec\l})\l", fontname=Monaco, shape=invhouse, style = filled, color = "#0022ff", fontcolor = "#ffffff"]
        n4v1 [label="(n4v1) for_each(|v| print!(\"{:?}, \", v))", fontname=Monaco, shape=house, style = filled, color = "#ffff00"]
        n2v1 -> n3v1
        n3v1 -> n4v1
    }
    n1v1 -> n5v1
    n5v1 [label="(n5v1) handoff", fontname=Monaco, shape=parallelogram, style = filled, color = "#ddddff"]
    n5v1 -> n2v1 [arrowhead=box, color=red]
}

