---
source: hydroflow/tests/surface_context.rs
expression: df.meta_graph().unwrap().to_dot()
---
digraph {
    subgraph "cluster n1v1" {
        fillcolor="#dddddd"
        style=filled
        label = "sg_1v1\nstratum 0"
        n1v1 [label="(n1v1) source_iter([()])", fontname=Monaco, shape=invhouse, style = filled, color = "#0022ff", fontcolor = "#ffffff"]
        n2v1 [label="(n2v1) map(|_| context.current_tick_start())", fontname=Monaco, shape=invhouse, style = filled, color = "#0022ff", fontcolor = "#ffffff"]
        n1v1 -> n2v1
    }
    subgraph "cluster n2v1" {
        fillcolor="#dddddd"
        style=filled
        label = "sg_2v1\nstratum 0"
        n3v1 [label="(n3v1) defer_tick()", fontname=Monaco, shape=invhouse, style = filled, color = "#0022ff", fontcolor = "#ffffff"]
        n4v1 [label="(n4v1) assert(|t: &hydroflow::instant::Instant| t.elapsed().as_nanos() > 0)", fontname=Monaco, shape=invhouse, style = filled, color = "#0022ff", fontcolor = "#ffffff"]
        n5v1 [label="(n5v1) for_each(|t: hydroflow::instant::Instant| {\l    println!(\"Time between ticks: {:?}\", t.elapsed())\l})\l", fontname=Monaco, shape=house, style = filled, color = "#ffff00"]
        n3v1 -> n4v1
        n4v1 -> n5v1
    }
    subgraph "cluster n3v1" {
        fillcolor="#dddddd"
        style=filled
        label = "sg_3v1\nstratum 1"
        n7v1 [label="(n7v1) identity()", fontname=Monaco, shape=invhouse, style = filled, color = "#0022ff", fontcolor = "#ffffff"]
    }
    n2v1 -> n6v1
    n6v1 [label="(n6v1) handoff", fontname=Monaco, shape=parallelogram, style = filled, color = "#ddddff"]
    n6v1 -> n7v1
    n7v1 -> n8v1
    n8v1 [label="(n8v1) handoff", fontname=Monaco, shape=parallelogram, style = filled, color = "#ddddff"]
    n8v1 -> n3v1
}

