---
source: hydroflow/tests/surface_unique.rs
expression: df.meta_graph().unwrap().to_dot()
---
digraph {
    subgraph "cluster n1v1" {
        fillcolor="#dddddd"
        style=filled
        label = "sg_1v1\nstratum 0"
        n1v1 [label="(n1v1) source_iter(0..10)", fontname=Monaco, shape=invhouse, style = filled, color = "#0022ff", fontcolor = "#ffffff"]
        n2v1 [label="(n2v1) persist()", fontname=Monaco, shape=invhouse, style = filled, color = "#0022ff", fontcolor = "#ffffff"]
        n3v1 [label="(n3v1) source_iter(5..15)", fontname=Monaco, shape=invhouse, style = filled, color = "#0022ff", fontcolor = "#ffffff"]
        n4v1 [label="(n4v1) persist()", fontname=Monaco, shape=invhouse, style = filled, color = "#0022ff", fontcolor = "#ffffff"]
        n5v1 [label="(n5v1) union()", fontname=Monaco, shape=invhouse, style = filled, color = "#0022ff", fontcolor = "#ffffff"]
        n6v1 [label="(n6v1) unique::<'static>()", fontname=Monaco, shape=invhouse, style = filled, color = "#0022ff", fontcolor = "#ffffff"]
        n7v1 [label="(n7v1) source_iter(0..0)", fontname=Monaco, shape=invhouse, style = filled, color = "#0022ff", fontcolor = "#ffffff"]
        n8v1 [label="(n8v1) persist()", fontname=Monaco, shape=invhouse, style = filled, color = "#0022ff", fontcolor = "#ffffff"]
        n9v1 [label="(n9v1) union()", fontname=Monaco, shape=invhouse, style = filled, color = "#0022ff", fontcolor = "#ffffff"]
        n10v1 [label="(n10v1) for_each(|v| out_send.send(v).unwrap())", fontname=Monaco, shape=house, style = filled, color = "#ffff00"]
        n1v1 -> n2v1
        n2v1 -> n5v1
        n3v1 -> n4v1
        n4v1 -> n5v1
        n5v1 -> n6v1
        n6v1 -> n9v1
        n7v1 -> n8v1
        n8v1 -> n9v1
        n9v1 -> n10v1
        subgraph "cluster sg_1v1_var_m1" {
            label="var m1"
            n5v1
            n6v1
        }
        subgraph "cluster sg_1v1_var_m2" {
            label="var m2"
            n9v1
            n10v1
        }
    }
}

